---------------------------------------------------------------------------------
      name:  <unnamed>
       log:  C:\P\data-raw\synth2_smoking_allopt.log
  log type:  text
 opened on:  17 Aug 2026, 12:49:30

. 
. di as txt "==== which synth2 ===="
==== which synth2 ====

. which synth2
C:\Users\fangfang\ado\plus\s\synth2.ado
*! synth2 2.1.0 Guanpeng Yan and Qiang Chen 05/10/2023

. which synth
C:\Users\fangfang\ado\plus\s\synth.ado
*! version 0.0.8  Jens Hainmueller 04/29/2026

. 
. * smoking.dta is NOT a Stata official sysuse file. Do not use: sysuse smoking
. *
. * Easiest: copy the repo CSV to the Desktop first (from WSL):
. *   cp /home/fang/Project/synthAIO/data-raw/smoking.csv /mnt/c/Users/你的用户名
> /Desktop/
. *
. * Then set this path (edit the username):
. local csv `"smoking.csv"'

. *
. * If you already copied it next to this .do, you can instead:
. * local csv `"smoking.csv"'
. 
. capture confirm file `"`csv'"'

. if _rc {
.     di as err "CSV not found: `csv'"
.     di as err "Copy data-raw/smoking.csv to the Desktop and edit the local csv 
> path."
.     exit 601
. }

. 
. import delimited "`csv'", clear varnames(1)
(encoding automatically selected: ISO-8859-1)
(7 vars, 1,209 obs)

. destring state year cigsale lnincome age15to24 retprice beer, replace force
state already numeric; no replace
year already numeric; no replace
cigsale already numeric; no replace
lnincome already numeric; no replace
age15to24 already numeric; no replace
retprice already numeric; no replace
beer already numeric; no replace

. xtset state year

Panel variable: state (strongly balanced)
 Time variable: year, 1970 to 2000
         Delta: 1 unit

. describe

Contains data
 Observations:         1,209                  
    Variables:             7                  
---------------------------------------------------------------------------------
Variable      Storage   Display    Value
    name         type    format    label      Variable label
---------------------------------------------------------------------------------
state           byte    %8.0g                 
year            int     %8.0g                 
cigsale         float   %9.0g                 
lnincome        float   %9.0g                 
age15to24       float   %9.0g                 
retprice        float   %9.0g                 
beer            float   %9.0g                 
---------------------------------------------------------------------------------
Sorted by: state  year
     Note: Dataset has changed since last saved.

. summarize

    Variable |        Obs        Mean    Std. dev.       Min        Max
-------------+---------------------------------------------------------
       state |      1,209          20    11.25929          1         39
        year |      1,209        1985    8.947973       1970       2000
     cigsale |      1,209    118.8932     32.7674       40.7      296.2
    lnincome |      1,014    9.861634    .1706769   9.397449   10.48662
   age15to24 |        819     .175472    .0151589   .1294482   .2036753
-------------+---------------------------------------------------------
    retprice |      1,209    108.3419    64.38199       27.3      351.2
        beer |        546     23.4304     4.22319        2.5       40.4

. count
  1,209

. tab state if year == 1988

      state |      Freq.     Percent        Cum.
------------+-----------------------------------
          1 |          1        2.56        2.56
          2 |          1        2.56        5.13
          3 |          1        2.56        7.69
          4 |          1        2.56       10.26
          5 |          1        2.56       12.82
          6 |          1        2.56       15.38
          7 |          1        2.56       17.95
          8 |          1        2.56       20.51
          9 |          1        2.56       23.08
         10 |          1        2.56       25.64
         11 |          1        2.56       28.21
         12 |          1        2.56       30.77
         13 |          1        2.56       33.33
         14 |          1        2.56       35.90
         15 |          1        2.56       38.46
         16 |          1        2.56       41.03
         17 |          1        2.56       43.59
         18 |          1        2.56       46.15
         19 |          1        2.56       48.72
         20 |          1        2.56       51.28
         21 |          1        2.56       53.85
         22 |          1        2.56       56.41
         23 |          1        2.56       58.97
         24 |          1        2.56       61.54
         25 |          1        2.56       64.10
         26 |          1        2.56       66.67
         27 |          1        2.56       69.23
         28 |          1        2.56       71.79
         29 |          1        2.56       74.36
         30 |          1        2.56       76.92
         31 |          1        2.56       79.49
         32 |          1        2.56       82.05
         33 |          1        2.56       84.62
         34 |          1        2.56       87.18
         35 |          1        2.56       89.74
         36 |          1        2.56       92.31
         37 |          1        2.56       94.87
         38 |          1        2.56       97.44
         39 |          1        2.56      100.00
------------+-----------------------------------
      Total |         39      100.00

. 
. di as txt "==== BASELINE: nested allopt ===="
==== BASELINE: nested allopt ====

. synth2 cigsale lnincome age15to24 retprice beer ///
>     cigsale(1988) cigsale(1980) cigsale(1975), ///
>     trunit(3) trperiod(1989) xperiod(1980(1)1988) ///
>     nested allopt
Fitting results in the pretreatment periods:
--------------------------------------------------------------------------------
 Treated Unit             :          3     Treatment Time           :       1989
--------------------------------------------------------------------------------
 Number of Control Units  =         38     Root Mean Squared Error  =    1.75424
 Number of Covariates     =          7     R-squared                =    0.97425
--------------------------------------------------------------------------------

Covariate balance in the pretreatment periods:
--------------------------------------------------------------------------------
   Covariate   |  V.weight    Treated    Synthetic Control     Average Control  
               |                        Value          Bias   Value        Bias 
---------------+----------------------------------------------------------------
      lnincome |   0.0000     10.0766      9.8585    -2.16%     9.8292    -2.45%
     age15to24 |   0.5358      0.1735      0.1735     0.00%     0.1725    -0.59%
      retprice |   0.2157     89.4222     89.4176    -0.01%    87.2661    -2.41%
          beer |   0.0005     24.2800     24.2161    -0.26%    23.6553    -2.57%
 cigsale(1988) |   0.0008     90.1000     91.6281     1.70%   113.8237    26.33%
 cigsale(1980) |   0.0001    120.2000    120.4455     0.20%   138.0895    14.88%
 cigsale(1975) |   0.2472    127.1000    127.0560    -0.03%   136.9316     7.74%
--------------------------------------------------------------------------------
Note: "V.weight" is the optimal covariate weight in the diagonal of V matrix.
      "Synthetic Control" is the weighted average of donor units with optimal weights.
      "Average Control" is the simple average of all control units with equal weights.

Optimal Unit Weights:
-------------------
 Unit |    U.weight
------+------------
   34 |     0.3350 
   21 |     0.2350 
   19 |     0.2020 
    4 |     0.1600 
    5 |     0.0680 
-------------------
Note: The unit 1 2 6 7 8 9 10 11 12 13 14 15 16 17 18 20 22 23 24 25 26 27 28 29 30 31 32 33 35 36 37 38 39 in the donor pool get a
      weight of 0.

Prediction results in the posttreatment periods:
-----------------------------------------------------------
 Time | Actual Outcome  Synthetic Outcome  Treatment Effect
------+----------------------------------------------------
 1989 |       82.4000            89.9627           -7.5627 
 1990 |       77.8000            87.4699           -9.6699 
 1991 |       68.7000            82.1384          -13.4384 
 1992 |       67.5000            81.5742          -14.0742 
 1993 |       63.4000            81.1573          -17.7573 
 1994 |       58.6000            80.6962          -22.0962 
 1995 |       56.4000            78.4689          -22.0689 
 1996 |       54.5000            77.4536          -22.9536 
 1997 |       53.8000            77.6880          -23.8880 
 1998 |       52.3000            74.3587          -22.0587 
 1999 |       47.2000            73.5354          -26.3354 
 2000 |       41.6000            67.3227          -25.7227 
------+----------------------------------------------------
 Mean |       60.3500            79.3188          -18.9688 
-----------------------------------------------------------
Note: The average treatment effect over the posttreatment period is -18.9688.

Finished.

. 
. di as txt "==== ereturn scalars ===="
==== ereturn scalars ====

. ereturn list

scalars:
                  e(N) =  1209
                  e(T) =  31
                 e(T0) =  19
                 e(T1) =  12
                  e(K) =  7
                  e(J) =  39
               e(rmse) =  1.754243879718698
                 e(r2) =  .9742460262473978
                e(att) =  -18.96883360544841

macros:
           e(panelvar) : "state"
            e(timevar) : "year"
            e(varlist) : "cigsale lnincome age15to24 retprice beer     cigsale(1988) cigsale(1980) cigsale(1975)"
             e(depvar) : "cigsale"
          e(indepvars) : "lnincome age15to24 retprice beer     cigsale(1988) cigsale(1980) cigsale(1975)"
           e(unit_all) : "1 10 11 12 13 14 15 16 17 18 19 2 20 21 22 23 24 25 26 27 28 29 3 30 31 32 33 34 35 36 37 38 39 4 5 6 7 8 9"
            e(unit_tr) : "3"
          e(unit_ctrl) : "1 10 11 12 13 14 15 16 17 18 19 2 20 21 22 23 24 25 26 27 28 29 30 31 32 33 34 35 36 37 38 39 4 5 6 7 8 9"
           e(time_all) : "1970 1971 1972 1973 1974 1975 1976 1977 1978 1979 1980 1981 1982 1983 1984 1985 1986 1987 1988 1989 1990 1.."
            e(time_tr) : "1989"
           e(time_pre) : "1970 1971 1972 1973 1974 1975 1976 1977 1978 1979 1980 1981 1982 1983 1984 1985 1986 1987 1988"
          e(time_post) : "1989 1990 1991 1992 1993 1994 1995 1996 1997 1998 1999 2000"
              e(graph) : " bias weight_vars weight_unit pred eff"

matrices:
               e(V_wt) :  7 x 7
               e(U_wt) :  5 x 1
                e(bal) :  7 x 6

. 
. di as txt "==== V weights ===="
==== V weights ====

. matrix list e(V_wt), format(%12.8f)

symmetric e(V_wt)[7,7]
                    lnincome      age15to24       retprice           beer   cigsale(1988)  cigsale(1980)  cigsale(1975)
     lnincome     0.00000733
    age15to24     0.00000000     0.53577295
     retprice     0.00000000     0.00000000     0.21566272
         beer     0.00000000     0.00000000     0.00000000     0.00048796
cigsale(1988)     0.00000000     0.00000000     0.00000000     0.00000000     0.00082711
cigsale(1980)     0.00000000     0.00000000     0.00000000     0.00000000     0.00000000     0.00006683
cigsale(1975)     0.00000000     0.00000000     0.00000000     0.00000000     0.00000000     0.00000000     0.24717511

. 
. di as txt "==== unit weights ===="
==== unit weights ====

. matrix list e(U_wt), format(%12.8f)

e(U_wt)[5,1]
        Weight
34  0.33500000
21  0.23500000
19  0.20200000
 4  0.16000000
 5  0.06800000

. 
. di as txt "==== balance ===="
==== balance ====

. matrix list e(bal), format(%12.6f)

e(bal)[7,6]
                    Vweight       Treated  ValueSynth~l  BiasSynthe~l  ValueAvera~l  BiasAverag~l
     lnincome      0.000007     10.076559      9.858463     -2.164389      9.829197     -2.454824
    age15to24      0.535773      0.173532      0.173536      0.002121      0.172510     -0.589093
     retprice      0.215663     89.422223     89.417611     -0.005158     87.266082     -2.411192
         beer      0.000488     24.280000     24.216060     -0.263345     23.655263     -2.573052
cigsale(1988)      0.000827     90.099998     91.628098      1.696004    113.823684     26.330395
cigsale(1980)      0.000067    120.199997    120.445500      0.204246    138.089474     14.883093
cigsale(1975)      0.247175    127.099998    127.055999     -0.034618    136.931579      7.735311

. 
. di as txt "==== key scalars ===="
==== key scalars ====

. di "rmse = " e(rmse)
rmse = 1.7542439

. di "r2   = " e(r2)
r2   = .97424603

. di "att  = " e(att)
att  = -18.968834

. 
. log close
      name:  <unnamed>
       log:  C:\P\data-raw\synth2_smoking_allopt.log
  log type:  text
 closed on:  17 Aug 2026, 12:51:42
----------------------------------------------------------------------------------------------------------------------------------------
